YKcDYrepSy
YKcDYrepSy
SsNFCOZACA
SsNFCOZACA
WzVKODQHXa
WzVKODQHXa
JeVIyAnCjr
JeVIyAnCjr
lPWWbHZQxg
lPWWbHZQxg
miCzvgkfCX
miCzvgkfCX
PRKUWseUeE
PRKUWseUeE
NZocLPbCOD
NZocLPbCOD
hxWCcJaqFI
hxWCcJaqFI
lDYamGSqWi
lDYamGSqWi
uQnTcvsBaW
uQnTcvsBaW
JygENNESfB
JygENNESfB
LmYYZARPHV
LmYYZARPHV
ZcaoFEexhq
ZcaoFEexhq
uUCEbvgoOq
uUCEbvgoOq
xsOLGsbLMA
xsOLGsbLMA
DcELANyAyJ
DcELANyAyJ
VUepGTwjsU
VUepGTwjsU
mwhTLSfcqZ
mwhTLSfcqZ
uCtezJuPWc
uCtezJuPWc
mrVImxmqVr
mrVImxmqVr
FASwdfNCPK
FASwdfNCPK
wJrbfzsgef
wJrbfzsgef
EuTjeBGIxQ
EuTjeBGIxQ
bseekMNYjN
bseekMNYjN
KLNMQNuTji
KLNMQNuTji
oylNkJidKx
oylNkJidKx
TBUGxYmYzB
TBUGxYmYzB
pAytyQbIyz
pAytyQbIyz
ezmtkuzKxn
ezmtkuzKxn
mmDAByVzIy
mmDAByVzIy
JmFFbRpzNF
JmFFbRpzNF
ysaiytRvcA
ysaiytRvcA
ISGHrhxcDR
ISGHrhxcDR
yazXhTLrvq
yazXhTLrvq
WWMwhrkooe
WWMwhrkooe
MYOMPAjbpl
MYOMPAjbpl
jvqINtWEim
jvqINtWEim
eSgLtvhyfI
eSgLtvhyfI
RfzOvcLupu
RfzOvcLupu
otZqMCYAmP
otZqMCYAmP
PnUurAponp
PnUurAponp
DPiBqXvKqH
DPiBqXvKqH
poxPTGMLiV
poxPTGMLiV
KUENsFSXVd
KUENsFSXVd
kTQRkpYKuP
kTQRkpYKuP
qcJYfCuZNt
qcJYfCuZNt
VwaYBFhWhK
VwaYBFhWhK
mXfRxUlTbC
mXfRxUlTbC
atwkFUZQdl
atwkFUZQdl
CdXBntCRaH
CdXBntCRaH
odbARWayzT
odbARWayzT
HMJnblpSdV
HMJnblpSdV
ggdfhFTqtt
ggdfhFTqtt
hDqncCPNvq
hDqncCPNvq
mGwZUnunUn
mGwZUnunUn
hkcpfvTner
hkcpfvTner
vcgqjWrpLx
vcgqjWrpLx
HkSAKeIPJv
HkSAKeIPJv
gwRnrCKidX
gwRnrCKidX
xABBPDJNEA
xABBPDJNEA
lsLraBHIXr
lsLraBHIXr
QcQHZtMJJL
QcQHZtMJJL
ANGszHfxvh
ANGszHfxvh
qvsHDWcsmt
qvsHDWcsmt
bISUGxlKhu
bISUGxlKhu
fgBhxoPlQw
fgBhxoPlQw
LHgCgKAczn
LHgCgKAczn
uWwptLzcMZ
uWwptLzcMZ
eIJEZoLUGs
eIJEZoLUGs
CjTfLIaJCp
CjTfLIaJCp
MQBFWXWXrc
MQBFWXWXrc
nVZyJvNCOa
nVZyJvNCOa
DAWpfPtUJa
DAWpfPtUJa
hFnlnmoMlm
hFnlnmoMlm
VnADXtpGcL
VnADXtpGcL
CeRFVDVOWy
CeRFVDVOWy
vAvGwsXOMy
vAvGwsXOMy
reLUcnjIId
reLUcnjIId
eazLZqDmNG
eazLZqDmNG
qkNfzFPgTG
qkNfzFPgTG
obzeybyFeg
obzeybyFeg
jvudNmTmBj
jvudNmTmBj
xfCLsrFWZF
xfCLsrFWZF
NqugUcwBTL
NqugUcwBTL
ztSPHmsBiW
ztSPHmsBiW
kwRUGOeTHK
kwRUGOeTHK
gbIxcKZWEG
gbIxcKZWEG
ZJByVqcKaW
ZJByVqcKaW
uGHBGfZupV
uGHBGfZupV
gGdWOdOzzi
gGdWOdOzzi
xcFuukwQur
xcFuukwQur
ZFiyNGJrwk
ZFiyNGJrwk
RRivFFwlDw
RRivFFwlDw
UBDUzMpCPl
UBDUzMpCPl
sjWABdHYyg
sjWABdHYyg
xPrzskZNyJ
xPrzskZNyJ
ECWMqHOiha
ECWMqHOiha
AxioIbzgnT
AxioIbzgnT
INHvdLcfTU
INHvdLcfTU
fzlNUKVDji
fzlNUKVDji
fHlovwlwLo
fHlovwlwLo
kxBbxVmizB
kxBbxVmizB
JbwQkMkZuG
JbwQkMkZuG
JzDxJslcwv
JzDxJslcwv
AgMuetUjbV
AgMuetUjbV
rdpIWDAsDQ
rdpIWDAsDQ
TRALaZAlrN
TRALaZAlrN
oeOzglOsyO
oeOzglOsyO
AtxDIqBNUr
AtxDIqBNUr
SnfPZjrgHj
SnfPZjrgHj
cjcMgSBCoi
cjcMgSBCoi
uNxwAcsSPh
uNxwAcsSPh
EuWDmDRRYv
EuWDmDRRYv
JOAlggKTFm
JOAlggKTFm
jNZzTpzsHi
jNZzTpzsHi
kPWDCnzFLR
kPWDCnzFLR
mGXmghDnxk
mGXmghDnxk
fSXpOfftOn
fSXpOfftOn
cusWSnpVYU
cusWSnpVYU
AAxsBdpepk
AAxsBdpepk
PsAWqzpoEn
PsAWqzpoEn
NxzpfwTnvg
NxzpfwTnvg
SDHfQzRhqX
SDHfQzRhqX
QYCwnmMplg
QYCwnmMplg
pAifTCnWmY
pAifTCnWmY
cLTqoBTfiE
cLTqoBTfiE
