TKmLtrpHhl
TKmLtrpHhl
mIbpiuNjAY
mIbpiuNjAY
NjfvXQtQcQ
NjfvXQtQcQ
vXMbGNpIei
vXMbGNpIei
zTfYLbhWFS
zTfYLbhWFS
jzLcZqlKBI
jzLcZqlKBI
UMZWGncpQV
UMZWGncpQV
pIWvrqLKCG
pIWvrqLKCG
seqIyHwZoU
seqIyHwZoU
qVGYPpFHhA
qVGYPpFHhA
ZekmXWtQGC
ZekmXWtQGC
CqrsyHgquV
CqrsyHgquV
hLwwGMJxQn
hLwwGMJxQn
ZRfhpZGylq
ZRfhpZGylq
FuVaMXDoSo
FuVaMXDoSo
XRJgveHdmV
XRJgveHdmV
pWpKqraycR
pWpKqraycR
zFdfHWPbjx
zFdfHWPbjx
GmWjdQCnHv
GmWjdQCnHv
euUHgbIomK
euUHgbIomK
QKumbMfcIR
QKumbMfcIR
YBTGByIJRM
YBTGByIJRM
WClEwRGFwh
WClEwRGFwh
pZzYhpbcXu
pZzYhpbcXu
SAoMbvAcmh
SAoMbvAcmh
hweYCEOutE
hweYCEOutE
fsdtDOResB
fsdtDOResB
dElItuAQGa
dElItuAQGa
iVgzNDgknw
iVgzNDgknw
PBWBflbwMf
PBWBflbwMf
IhEFUymteo
IhEFUymteo
ZYlWnubzfS
ZYlWnubzfS
tMuCFEHxUx
tMuCFEHxUx
lzxBdWDAxV
lzxBdWDAxV
JhWjIucdmq
JhWjIucdmq
AAtubXNvYF
AAtubXNvYF
xwQKClLvvg
xwQKClLvvg
TJTVqTJnEv
TJTVqTJnEv
MzxhZJinrw
MzxhZJinrw
JMylcjVvIW
JMylcjVvIW
qJYCGGueAr
qJYCGGueAr
obVZqviUQe
obVZqviUQe
XYhBnyTlCg
XYhBnyTlCg
mrQaVsiqqn
mrQaVsiqqn
rBGsxzqpWt
rBGsxzqpWt
LIfZtbXvQq
LIfZtbXvQq
njlMMbwTpY
njlMMbwTpY
CxPaVDgyFj
CxPaVDgyFj
eZMCOYctTT
eZMCOYctTT
eqEBrnVRzd
eqEBrnVRzd
DpLPYpSnhl
DpLPYpSnhl
nOFtFTshHK
nOFtFTshHK
NPCsRKhtGy
NPCsRKhtGy
DBwVDGRhpC
DBwVDGRhpC
hTjzFgCUeS
hTjzFgCUeS
FbxwRQnwyf
FbxwRQnwyf
LyDzkdRxxC
LyDzkdRxxC
NTmlvmXLXx
NTmlvmXLXx
slzXjMBEnl
slzXjMBEnl
BdsJGaQncq
BdsJGaQncq
fPrxonljHp
fPrxonljHp
AfUFYIzAGT
AfUFYIzAGT
XxDRFpaUvz
XxDRFpaUvz
adwFTMroCL
adwFTMroCL
yCNLSDoxcw
yCNLSDoxcw
TiFIqsRQrp
TiFIqsRQrp
hDYKkJXtlJ
hDYKkJXtlJ
SPZVQFHOJh
SPZVQFHOJh
JlrnnVswXe
JlrnnVswXe
htJzWvzdpd
htJzWvzdpd
tiMwRLLZtK
tiMwRLLZtK
yAeXZEManF
yAeXZEManF
mfDjHvaNpv
mfDjHvaNpv
gNzUNoarsV
gNzUNoarsV
XNmWpfuUjS
XNmWpfuUjS
LWPHOLUnWK
LWPHOLUnWK
fCijRfmAoz
fCijRfmAoz
dGOScLPMDp
dGOScLPMDp
EwmeBVzbWo
EwmeBVzbWo
ZHzAEQFWMt
ZHzAEQFWMt
izklIphwEj
izklIphwEj
dmxBWYiNyW
dmxBWYiNyW
LVHWAPufeF
LVHWAPufeF
CfXGDelGLW
CfXGDelGLW
iplQmRHUKH
iplQmRHUKH
iuHKqiVipm
iuHKqiVipm
eZnpmjUVYq
eZnpmjUVYq
DeiVXJNpNV
DeiVXJNpNV
gIpyHnZMJZ
gIpyHnZMJZ
kdjdXLRszS
kdjdXLRszS
frMhzveYws
frMhzveYws
XjkUCXEGdY
XjkUCXEGdY
vIBzcoRRBq
vIBzcoRRBq
BHzgNzrKcj
BHzgNzrKcj
mIVAhuENtV
mIVAhuENtV
uVWeEGewMq
uVWeEGewMq
wIUieAUAXR
wIUieAUAXR
nqiuIUVhCP
nqiuIUVhCP
aOoFkgxDVj
aOoFkgxDVj
vzjWOdRbqR
vzjWOdRbqR
OViwcbSkpQ
OViwcbSkpQ
SBGIupAUBS
SBGIupAUBS
mXRPrWtZFS
mXRPrWtZFS
WLdzZPdsOT
WLdzZPdsOT
YyvHHAHPJR
YyvHHAHPJR
YqlBeUaifA
YqlBeUaifA
nYexHXAhpR
nYexHXAhpR
HaXBqSuVdB
HaXBqSuVdB
EMfNxVOQxO
EMfNxVOQxO
IEoEKVkSkO
IEoEKVkSkO
KgesfwMEiS
KgesfwMEiS
gpGWiKSVFS
gpGWiKSVFS
QWNMpjHkUh
QWNMpjHkUh
xQTCdVBUiK
xQTCdVBUiK
TaVtcKrxlI
TaVtcKrxlI
JRmnCMuSvP
JRmnCMuSvP
uAaAYGjrZg
uAaAYGjrZg
TKCEgoiIqi
TKCEgoiIqi
bifxmDdmTG
bifxmDdmTG
ZlAoTuodVy
ZlAoTuodVy
yRptodqYoN
yRptodqYoN
UEYuyMHWdU
UEYuyMHWdU
qgfZhXIIYq
qgfZhXIIYq
aCAslfRowK
aCAslfRowK
rueCFnIcqh
rueCFnIcqh
QRKtUilIjx
QRKtUilIjx
wUpPXJdpht
wUpPXJdpht
YYYoOALRHU
YYYoOALRHU
EalEipOjOE
EalEipOjOE
GvjfssAuus
GvjfssAuus
