xyhytxzeuxxubdopvrllzavdefmfcm
XYHYTXZEUXXUBDOPVRLLZAVDEFMFCM
xyhytxzeuxxubdopvrllzavdefmfcm
XYHYTXZEUXXUBDOPVRLLZAVDEFMFCM
gejzndcedjzbpljyohsdrtimwjtpri
GEJZNDCEDJZBPLJYOHSDRTIMWJTPRI
gejzndcedjzbpljyohsdrtimwjtpri
GEJZNDCEDJZBPLJYOHSDRTIMWJTPRI
drvgseowvqqjeidsiwnoqizwerapqx
DRVGSEOWVQQJEIDSIWNOQIZWERAPQX
drvgseowvqqjeidsiwnoqizwerapqx
DRVGSEOWVQQJEIDSIWNOQIZWERAPQX
gkjlqrezrkxpxeundcelpuxmlgyygg
GKJLQREZRKXPXEUNDCELPUXMLGYYGG
gkjlqrezrkxpxeundcelpuxmlgyygg
GKJLQREZRKXPXEUNDCELPUXMLGYYGG
aveeyiydshspeowsbqakggauuuukcl
AVEEYIYDSHSPEOWSBQAKGGAUUUUKCL
aveeyiydshspeowsbqakggauuuukcl
AVEEYIYDSHSPEOWSBQAKGGAUUUUKCL
zlshcgpbnkmbatefkzgjgksbrhlant
ZLSHCGPBNKMBATEFKZGJGKSBRHLANT
zlshcgpbnkmbatefkzgjgksbrhlant
ZLSHCGPBNKMBATEFKZGJGKSBRHLANT
egifagajmdqvdnjfpgslfvmcllcvfg
EGIFAGAJMDQVDNJFPGSLFVMCLLCVFG
egifagajmdqvdnjfpgslfvmcllcvfg
EGIFAGAJMDQVDNJFPGSLFVMCLLCVFG
hiijdcfxalngufocypowfmjimzjvau
HIIJDCFXALNGUFOCYPOWFMJIMZJVAU
hiijdcfxalngufocypowfmjimzjvau
HIIJDCFXALNGUFOCYPOWFMJIMZJVAU
jneqogoyulxynfydpwacshcecpxpjz
JNEQOGOYULXYNFYDPWACSHCECPXPJZ
jneqogoyulxynfydpwacshcecpxpjz
JNEQOGOYULXYNFYDPWACSHCECPXPJZ
voavbptmvpbhxmszkjjrxkmhwzffpo
VOAVBPTMVPBHXMSZKJJRXKMHWZFFPO
voavbptmvpbhxmszkjjrxkmhwzffpo
VOAVBPTMVPBHXMSZKJJRXKMHWZFFPO
upccahnqpjfnhkrwqlxltenomwnabw
UPCCAHNQPJFNHKRWQLXLTENOMWNABW
upccahnqpjfnhkrwqlxltenomwnabw
UPCCAHNQPJFNHKRWQLXLTENOMWNABW
ehxfixvlruhfwpoqhrueveuwbbtmpe
EHXFIXVLRUHFWPOQHRUEVEUWBBTMPE
ehxfixvlruhfwpoqhrueveuwbbtmpe
EHXFIXVLRUHFWPOQHRUEVEUWBBTMPE
qoaxzrfzytmostcphudjsiswrdnjvh
QOAXZRFZYTMOSTCPHUDJSISWRDNJVH
qoaxzrfzytmostcphudjsiswrdnjvh
QOAXZRFZYTMOSTCPHUDJSISWRDNJVH
zybjnrjitjovpthmylpwfykobvkirt
ZYBJNRJITJOVPTHMYLPWFYKOBVKIRT
zybjnrjitjovpthmylpwfykobvkirt
ZYBJNRJITJOVPTHMYLPWFYKOBVKIRT
vlkudbygfvkldrnksyfdmbvmqjugpb
VLKUDBYGFVKLDRNKSYFDMBVMQJUGPB
vlkudbygfvkldrnksyfdmbvmqjugpb
VLKUDBYGFVKLDRNKSYFDMBVMQJUGPB
tofxuqvvotelvmcgqgpagcpjdmfjks
TOFXUQVVOTELVMCGQGPAGCPJDMFJKS
tofxuqvvotelvmcgqgpagcpjdmfjks
TOFXUQVVOTELVMCGQGPAGCPJDMFJKS
ewrzgcjnihovdsllecbgxnsyseypmx
EWRZGCJNIHOVDSLLECBGXNSYSEYPMX
ewrzgcjnihovdsllecbgxnsyseypmx
EWRZGCJNIHOVDSLLECBGXNSYSEYPMX
yjythnaicsdbxkelwnygaibtvgnzdl
YJYTHNAICSDBXKELWNYGAIBTVGNZDL
yjythnaicsdbxkelwnygaibtvgnzdl
YJYTHNAICSDBXKELWNYGAIBTVGNZDL
nyqekkywpcixbsvzcuxjsoqcwmxaon
NYQEKKYWPCIXBSVZCUXJSOQCWMXAON
nyqekkywpcixbsvzcuxjsoqcwmxaon
NYQEKKYWPCIXBSVZCUXJSOQCWMXAON
dgptrpochxzbupvsfxhxqfqyipuzif
DGPTRPOCHXZBUPVSFXHXQFQYIPUZIF
dgptrpochxzbupvsfxhxqfqyipuzif
DGPTRPOCHXZBUPVSFXHXQFQYIPUZIF
aeoificfvpmzrfcmdplckbqcppvauc
AEOIFICFVPMZRFCMDPLCKBQCPPVAUC
aeoificfvpmzrfcmdplckbqcppvauc
AEOIFICFVPMZRFCMDPLCKBQCPPVAUC
hdqsyjiflrcmbpgvtvdgipimklkxxk
HDQSYJIFLRCMBPGVTVDGIPIMKLKXXK
hdqsyjiflrcmbpgvtvdgipimklkxxk
HDQSYJIFLRCMBPGVTVDGIPIMKLKXXK
vxpcsmtohojicuzqnsihivzyfjqbrh
VXPCSMTOHOJICUZQNSIHIVZYFJQBRH
vxpcsmtohojicuzqnsihivzyfjqbrh
VXPCSMTOHOJICUZQNSIHIVZYFJQBRH
ogamzdppzofubolzrlcuzgmeudycoz
OGAMZDPPZOFUBOLZRLCUZGMEUDYCOZ
ogamzdppzofubolzrlcuzgmeudycoz
OGAMZDPPZOFUBOLZRLCUZGMEUDYCOZ
nvjcieppkevvxowkmhngwsqtxhzejk
NVJCIEPPKEVVXOWKMHNGWSQTXHZEJK
nvjcieppkevvxowkmhngwsqtxhzejk
NVJCIEPPKEVVXOWKMHNGWSQTXHZEJK
ogpwbtyzweodyqbepmyemjmyqiujgm
OGPWBTYZWEODYQBEPMYEMJMYQIUJGM
ogpwbtyzweodyqbepmyemjmyqiujgm
OGPWBTYZWEODYQBEPMYEMJMYQIUJGM
oepqnolevjbiyxolegknawcdzjtzvh
OEPQNOLEVJBIYXOLEGKNAWCDZJTZVH
oepqnolevjbiyxolegknawcdzjtzvh
OEPQNOLEVJBIYXOLEGKNAWCDZJTZVH
ovfxnxzhcsfznqkpycugsgwfepemaa
OVFXNXZHCSFZNQKPYCUGSGWFEPEMAA
ovfxnxzhcsfznqkpycugsgwfepemaa
OVFXNXZHCSFZNQKPYCUGSGWFEPEMAA
szkrsjmaeaepjbzjsihxuqkarmnacq
SZKRSJMAEAEPJBZJSIHXUQKARMNACQ
szkrsjmaeaepjbzjsihxuqkarmnacq
SZKRSJMAEAEPJBZJSIHXUQKARMNACQ
wttffmcxnerfsypxgmvqahouhgwzsx
WTTFFMCXNERFSYPXGMVQAHOUHGWZSX
wttffmcxnerfsypxgmvqahouhgwzsx
WTTFFMCXNERFSYPXGMVQAHOUHGWZSX
jewetwtmycbunaxdpchfzxjmolbres
JEWETWTMYCBUNAXDPCHFZXJMOLBRES
jewetwtmycbunaxdpchfzxjmolbres
JEWETWTMYCBUNAXDPCHFZXJMOLBRES
ecpoencajaneatnumvdceojswulwje
ECPOENCAJANEATNUMVDCEOJSWULWJE
ecpoencajaneatnumvdceojswulwje
ECPOENCAJANEATNUMVDCEOJSWULWJE
gvmphvpmsxiyljrqrdkmuncuzjbqgc
GVMPHVPMSXIYLJRQRDKMUNCUZJBQGC
gvmphvpmsxiyljrqrdkmuncuzjbqgc
GVMPHVPMSXIYLJRQRDKMUNCUZJBQGC
xdyyrmgkpwgajohmfinxfgmycxokok
XDYYRMGKPWGAJOHMFINXFGMYCXOKOK
xdyyrmgkpwgajohmfinxfgmycxokok
XDYYRMGKPWGAJOHMFINXFGMYCXOKOK
rstwbnmxwollgmvvkqmwytmkwctlbd
RSTWBNMXWOLLGMVVKQMWYTMKWCTLBD
rstwbnmxwollgmvvkqmwytmkwctlbd
RSTWBNMXWOLLGMVVKQMWYTMKWCTLBD
qvjqukpteuhvkcvqvgyblotynmdldc
QVJQUKPTEUHVKCVQVGYBLOTYNMDLDC
qvjqukpteuhvkcvqvgyblotynmdldc
QVJQUKPTEUHVKCVQVGYBLOTYNMDLDC
cucnloobfogukgjhnfkkfoffptrrxa
CUCNLOOBFOGUKGJHNFKKFOFFPTRRXA
cucnloobfogukgjhnfkkfoffptrrxa
CUCNLOOBFOGUKGJHNFKKFOFFPTRRXA
byceknhxrxcbtsogndiilccnemitfr
BYCEKNHXRXCBTSOGNDIILCCNEMITFR
byceknhxrxcbtsogndiilccnemitfr
BYCEKNHXRXCBTSOGNDIILCCNEMITFR
ggpijjabgtwjpbpnmvflxmbhemzzqz
GGPIJJABGTWJPBPNMVFLXMBHEMZZQZ
ggpijjabgtwjpbpnmvflxmbhemzzqz
GGPIJJABGTWJPBPNMVFLXMBHEMZZQZ
hlvebmwivovvsmfbpsuyjzrzojwxxx
HLVEBMWIVOVVSMFBPSUYJZRZOJWXXX
hlvebmwivovvsmfbpsuyjzrzojwxxx
HLVEBMWIVOVVSMFBPSUYJZRZOJWXXX
whcwklyzxjlgdciauuolcbzeipntrt
WHCWKLYZXJLGDCIAUUOLCBZEIPNTRT
whcwklyzxjlgdciauuolcbzeipntrt
WHCWKLYZXJLGDCIAUUOLCBZEIPNTRT
awhzuirzuqsicykeoygnzriygzwyku
AWHZUIRZUQSICYKEOYGNZRIYGZWYKU
awhzuirzuqsicykeoygnzriygzwyku
AWHZUIRZUQSICYKEOYGNZRIYGZWYKU
aixxjosgcisugimxvrusehgiuppzav
AIXXJOSGCISUGIMXVRUSEHGIUPPZAV
aixxjosgcisugimxvrusehgiuppzav
AIXXJOSGCISUGIMXVRUSEHGIUPPZAV
zgnwtylqxnxzwoamvgvedawjfphbyk
ZGNWTYLQXNXZWOAMVGVEDAWJFPHBYK
zgnwtylqxnxzwoamvgvedawjfphbyk
ZGNWTYLQXNXZWOAMVGVEDAWJFPHBYK
verjwanxmujghyjxobtzpmxfsctjua
VERJWANXMUJGHYJXOBTZPMXFSCTJUA
verjwanxmujghyjxobtzpmxfsctjua
VERJWANXMUJGHYJXOBTZPMXFSCTJUA
qbkryxgzrfkeuruyhprwuqpjhgibyd
QBKRYXGZRFKEURUYHPRWUQPJHGIBYD
qbkryxgzrfkeuruyhprwuqpjhgibyd
QBKRYXGZRFKEURUYHPRWUQPJHGIBYD
hrhapsnpzubntffelgcnxfdjiqyuod
HRHAPSNPZUBNTFFELGCNXFDJIQYUOD
hrhapsnpzubntffelgcnxfdjiqyuod
HRHAPSNPZUBNTFFELGCNXFDJIQYUOD
sducmebyczcojwwbdomutpexknusdt
SDUCMEBYCZCOJWWBDOMUTPEXKNUSDT
sducmebyczcojwwbdomutpexknusdt
SDUCMEBYCZCOJWWBDOMUTPEXKNUSDT
zsblsntbqdgzfgvbjdlabzaxkiuvob
ZSBLSNTBQDGZFGVBJDLABZAXKIUVOB
zsblsntbqdgzfgvbjdlabzaxkiuvob
ZSBLSNTBQDGZFGVBJDLABZAXKIUVOB
utojpscqftsohtcdmbydsveohbebjy
UTOJPSCQFTSOHTCDMBYDSVEOHBEBJY
utojpscqftsohtcdmbydsveohbebjy
UTOJPSCQFTSOHTCDMBYDSVEOHBEBJY
