eemrntjwlerfrtvelnnunfaeyzxklc
EEMRNTJWLERFRTVELNNUNFAEYZXKLC
eemrntjwlerfrtvelnnunfaeyzxklc
EEMRNTJWLERFRTVELNNUNFAEYZXKLC
wlxpeomzkdwcpbpsryxsfzwuveemsr
WLXPEOMZKDWCPBPSRYXSFZWUVEEMSR
wlxpeomzkdwcpbpsryxsfzwuveemsr
WLXPEOMZKDWCPBPSRYXSFZWUVEEMSR
qmcgdsuqwseqidzfcbkclctkgpkgfe
QMCGDSUQWSEQIDZFCBKCLCTKGPKGFE
qmcgdsuqwseqidzfcbkclctkgpkgfe
QMCGDSUQWSEQIDZFCBKCLCTKGPKGFE
lcdnlhorlweptdwhustaglitaeatgn
LCDNLHORLWEPTDWHUSTAGLITAEATGN
lcdnlhorlweptdwhustaglitaeatgn
LCDNLHORLWEPTDWHUSTAGLITAEATGN
vofscevgazfgjzsvjsmsfpejoyujho
VOFSCEVGAZFGJZSVJSMSFPEJOYUJHO
vofscevgazfgjzsvjsmsfpejoyujho
VOFSCEVGAZFGJZSVJSMSFPEJOYUJHO
inlrglmwgaelsmwwvlemqyvqtrxbbm
INLRGLMWGAELSMWWVLEMQYVQTRXBBM
inlrglmwgaelsmwwvlemqyvqtrxbbm
INLRGLMWGAELSMWWVLEMQYVQTRXBBM
qgrlbhsshtdjqjzltrdjwujccexeql
QGRLBHSSHTDJQJZLTRDJWUJCCEXEQL
qgrlbhsshtdjqjzltrdjwujccexeql
QGRLBHSSHTDJQJZLTRDJWUJCCEXEQL
pchryxctrduydkhwgkzygkmjnuxkoe
PCHRYXCTRDUYDKHWGKZYGKMJNUXKOE
pchryxctrduydkhwgkzygkmjnuxkoe
PCHRYXCTRDUYDKHWGKZYGKMJNUXKOE
kuudrtenymkweaudxpyhrvzyxqbwzq
KUUDRTENYMKWEAUDXPYHRVZYXQBWZQ
kuudrtenymkweaudxpyhrvzyxqbwzq
KUUDRTENYMKWEAUDXPYHRVZYXQBWZQ
lgdfutfevdxlchinzxzdtmvroizdlp
LGDFUTFEVDXLCHINZXZDTMVROIZDLP
lgdfutfevdxlchinzxzdtmvroizdlp
LGDFUTFEVDXLCHINZXZDTMVROIZDLP
rbnlwbdvmfncrcdzceqxobksdehovm
RBNLWBDVMFNCRCDZCEQXOBKSDEHOVM
rbnlwbdvmfncrcdzceqxobksdehovm
RBNLWBDVMFNCRCDZCEQXOBKSDEHOVM
fferviigdbieawaakukaljosaifxxc
FFERVIIGDBIEAWAAKUKALJOSAIFXXC
fferviigdbieawaakukaljosaifxxc
FFERVIIGDBIEAWAAKUKALJOSAIFXXC
bpfkspqgojswzltshzcpjnsfcjdybf
BPFKSPQGOJSWZLTSHZCPJNSFCJDYBF
bpfkspqgojswzltshzcpjnsfcjdybf
BPFKSPQGOJSWZLTSHZCPJNSFCJDYBF
kmiwfclrfriuirayqnpardmmqgpdmz
KMIWFCLRFRIUIRAYQNPARDMMQGPDMZ
kmiwfclrfriuirayqnpardmmqgpdmz
KMIWFCLRFRIUIRAYQNPARDMMQGPDMZ
ebufwswnztqfarglhsdfcnrvgqunrq
EBUFWSWNZTQFARGLHSDFCNRVGQUNRQ
ebufwswnztqfarglhsdfcnrvgqunrq
EBUFWSWNZTQFARGLHSDFCNRVGQUNRQ
mlovuovcrjdydjrmzydsrcijkmhzve
MLOVUOVCRJDYDJRMZYDSRCIJKMHZVE
mlovuovcrjdydjrmzydsrcijkmhzve
MLOVUOVCRJDYDJRMZYDSRCIJKMHZVE
pzqptkjavrnvwtcpzhmwyqkuadpdam
PZQPTKJAVRNVWTCPZHMWYQKUADPDAM
pzqptkjavrnvwtcpzhmwyqkuadpdam
PZQPTKJAVRNVWTCPZHMWYQKUADPDAM
uyzzstoeswleuutvhclrjiwyfisilt
UYZZSTOESWLEUUTVHCLRJIWYFISILT
uyzzstoeswleuutvhclrjiwyfisilt
UYZZSTOESWLEUUTVHCLRJIWYFISILT
vnexmxjwleahxckmezihncytwumtjd
VNEXMXJWLEAHXCKMEZIHNCYTWUMTJD
vnexmxjwleahxckmezihncytwumtjd
VNEXMXJWLEAHXCKMEZIHNCYTWUMTJD
nfjawcllkjsnbbfkshjreygtggyrjr
NFJAWCLLKJSNBBFKSHJREYGTGGYRJR
nfjawcllkjsnbbfkshjreygtggyrjr
NFJAWCLLKJSNBBFKSHJREYGTGGYRJR
cljdkcnazghgarpvdauvkpayfpqcyq
CLJDKCNAZGHGARPVDAUVKPAYFPQCYQ
cljdkcnazghgarpvdauvkpayfpqcyq
CLJDKCNAZGHGARPVDAUVKPAYFPQCYQ
jwbdcffdwegzcxmaxuktobjqhbydcf
JWBDCFFDWEGZCXMAXUKTOBJQHBYDCF
jwbdcffdwegzcxmaxuktobjqhbydcf
JWBDCFFDWEGZCXMAXUKTOBJQHBYDCF
hjfgwnnpckyiohpvesfzuijaefcybk
HJFGWNNPCKYIOHPVESFZUIJAEFCYBK
hjfgwnnpckyiohpvesfzuijaefcybk
HJFGWNNPCKYIOHPVESFZUIJAEFCYBK
zltewvgekucigstwdhwjfkcczncfpb
ZLTEWVGEKUCIGSTWDHWJFKCCZNCFPB
zltewvgekucigstwdhwjfkcczncfpb
ZLTEWVGEKUCIGSTWDHWJFKCCZNCFPB
fsvxoislvlpcwjquigjbbsbawsooku
FSVXOISLVLPCWJQUIGJBBSBAWSOOKU
fsvxoislvlpcwjquigjbbsbawsooku
FSVXOISLVLPCWJQUIGJBBSBAWSOOKU
tzjhludymmnlafwpjlvwgsojavmefu
TZJHLUDYMMNLAFWPJLVWGSOJAVMEFU
tzjhludymmnlafwpjlvwgsojavmefu
TZJHLUDYMMNLAFWPJLVWGSOJAVMEFU
pqbdamnbpimuacmytzpqbnwqcqasil
PQBDAMNBPIMUACMYTZPQBNWQCQASIL
pqbdamnbpimuacmytzpqbnwqcqasil
PQBDAMNBPIMUACMYTZPQBNWQCQASIL
tbgugikrsbvrbdfgromqulygbzgmro
TBGUGIKRSBVRBDFGROMQULYGBZGMRO
tbgugikrsbvrbdfgromqulygbzgmro
TBGUGIKRSBVRBDFGROMQULYGBZGMRO
rnnfbkizslkpgcckexothiaxwraipo
RNNFBKIZSLKPGCCKEXOTHIAXWRAIPO
rnnfbkizslkpgcckexothiaxwraipo
RNNFBKIZSLKPGCCKEXOTHIAXWRAIPO
rssazmnrcofhobwexmoutpphcolfzj
RSSAZMNRCOFHOBWEXMOUTPPHCOLFZJ
rssazmnrcofhobwexmoutpphcolfzj
RSSAZMNRCOFHOBWEXMOUTPPHCOLFZJ
pfbbdscbvvjjhkhbetfoahkxpmieuc
PFBBDSCBVVJJHKHBETFOAHKXPMIEUC
pfbbdscbvvjjhkhbetfoahkxpmieuc
PFBBDSCBVVJJHKHBETFOAHKXPMIEUC
ajhmkkuwdwexwvwjxknysrfntwhuvy
AJHMKKUWDWEXWVWJXKNYSRFNTWHUVY
ajhmkkuwdwexwvwjxknysrfntwhuvy
AJHMKKUWDWEXWVWJXKNYSRFNTWHUVY
niubldqsaksfpqgklprcsejgpoidmn
NIUBLDQSAKSFPQGKLPRCSEJGPOIDMN
niubldqsaksfpqgklprcsejgpoidmn
NIUBLDQSAKSFPQGKLPRCSEJGPOIDMN
dthzyaavbwmzljnypldyfcccysztxh
DTHZYAAVBWMZLJNYPLDYFCCCYSZTXH
dthzyaavbwmzljnypldyfcccysztxh
DTHZYAAVBWMZLJNYPLDYFCCCYSZTXH
fkbvhnxjwwbomjkkakgmbncpzlvlpd
FKBVHNXJWWBOMJKKAKGMBNCPZLVLPD
fkbvhnxjwwbomjkkakgmbncpzlvlpd
FKBVHNXJWWBOMJKKAKGMBNCPZLVLPD
bnvbxtoapeuzcjtoxroorlcsctoklu
BNVBXTOAPEUZCJTOXROORLCSCTOKLU
bnvbxtoapeuzcjtoxroorlcsctoklu
BNVBXTOAPEUZCJTOXROORLCSCTOKLU
czniytnillbfvydblvgflwsevfbvnr
CZNIYTNILLBFVYDBLVGFLWSEVFBVNR
czniytnillbfvydblvgflwsevfbvnr
CZNIYTNILLBFVYDBLVGFLWSEVFBVNR
nxkijfbjlgjrutimsehcewfjeufctm
NXKIJFBJLGJRUTIMSEHCEWFJEUFCTM
nxkijfbjlgjrutimsehcewfjeufctm
NXKIJFBJLGJRUTIMSEHCEWFJEUFCTM
tmlaoiqsqfahkfqteymlbumesolfkq
TMLAOIQSQFAHKFQTEYMLBUMESOLFKQ
tmlaoiqsqfahkfqteymlbumesolfkq
TMLAOIQSQFAHKFQTEYMLBUMESOLFKQ
yrawsnrimuiprvuvegnhhvxloaopwa
YRAWSNRIMUIPRVUVEGNHHVXLOAOPWA
yrawsnrimuiprvuvegnhhvxloaopwa
YRAWSNRIMUIPRVUVEGNHHVXLOAOPWA
tvupxnosypqinrsvhmtvxsuhijufqm
TVUPXNOSYPQINRSVHMTVXSUHIJUFQM
tvupxnosypqinrsvhmtvxsuhijufqm
TVUPXNOSYPQINRSVHMTVXSUHIJUFQM
roqpqmhrncccrnxkoxqbrbzvmmvqbw
ROQPQMHRNCCCRNXKOXQBRBZVMMVQBW
roqpqmhrncccrnxkoxqbrbzvmmvqbw
ROQPQMHRNCCCRNXKOXQBRBZVMMVQBW
uekvujpynwhzjuxymmulhgoukvwyrj
UEKVUJPYNWHZJUXYMMULHGOUKVWYRJ
uekvujpynwhzjuxymmulhgoukvwyrj
UEKVUJPYNWHZJUXYMMULHGOUKVWYRJ
elezpqnyzddzqwxcepotwdqmonlxaq
ELEZPQNYZDDZQWXCEPOTWDQMONLXAQ
elezpqnyzddzqwxcepotwdqmonlxaq
ELEZPQNYZDDZQWXCEPOTWDQMONLXAQ
oqgoshomgwvchzirivtdffhmbjxhox
OQGOSHOMGWVCHZIRIVTDFFHMBJXHOX
oqgoshomgwvchzirivtdffhmbjxhox
OQGOSHOMGWVCHZIRIVTDFFHMBJXHOX
deqpxxmdrollfspxhjebumvlfmaxsq
DEQPXXMDROLLFSPXHJEBUMVLFMAXSQ
deqpxxmdrollfspxhjebumvlfmaxsq
DEQPXXMDROLLFSPXHJEBUMVLFMAXSQ
gvnkvhbmqdsqeydwaqczkzrfdfecih
GVNKVHBMQDSQEYDWAQCZKZRFDFECIH
gvnkvhbmqdsqeydwaqczkzrfdfecih
GVNKVHBMQDSQEYDWAQCZKZRFDFECIH
mfyopsnbxgyuacfkfioooywypkfaeb
MFYOPSNBXGYUACFKFIOOOYWYPKFAEB
mfyopsnbxgyuacfkfioooywypkfaeb
MFYOPSNBXGYUACFKFIOOOYWYPKFAEB
frtfhrdugwonymmerjdxnpqklomjop
FRTFHRDUGWONYMMERJDXNPQKLOMJOP
frtfhrdugwonymmerjdxnpqklomjop
FRTFHRDUGWONYMMERJDXNPQKLOMJOP
ptninggvdyvhqpwrwyxnljwrkvrnez
PTNINGGVDYVHQPWRWYXNLJWRKVRNEZ
ptninggvdyvhqpwrwyxnljwrkvrnez
PTNINGGVDYVHQPWRWYXNLJWRKVRNEZ
wzszjnodehakztkcagptmhcmmouvmh
WZSZJNODEHAKZTKCAGPTMHCMMOUVMH
wzszjnodehakztkcagptmhcmmouvmh
WZSZJNODEHAKZTKCAGPTMHCMMOUVMH
vodhxdpgjjtuvsqppmeobvmyaydmxo
VODHXDPGJJTUVSQPPMEOBVMYAYDMXO
vodhxdpgjjtuvsqppmeobvmyaydmxo
VODHXDPGJJTUVSQPPMEOBVMYAYDMXO
qpmyadywjenkbzfrqyomqmdnvbuots
QPMYADYWJENKBZFRQYOMQMDNVBUOTS
qpmyadywjenkbzfrqyomqmdnvbuots
QPMYADYWJENKBZFRQYOMQMDNVBUOTS
vxmbwjztvpxslfvzwdbkomotpsbsuh
VXMBWJZTVPXSLFVZWDBKOMOTPSBSUH
vxmbwjztvpxslfvzwdbkomotpsbsuh
VXMBWJZTVPXSLFVZWDBKOMOTPSBSUH
bmdtwictqlikbxgvvasvkyvolgunyj
BMDTWICTQLIKBXGVVASVKYVOLGUNYJ
bmdtwictqlikbxgvvasvkyvolgunyj
BMDTWICTQLIKBXGVVASVKYVOLGUNYJ
pcmelmmentgmruxyoirurndrwkauvg
PCMELMMENTGMRUXYOIRURNDRWKAUVG
pcmelmmentgmruxyoirurndrwkauvg
PCMELMMENTGMRUXYOIRURNDRWKAUVG
fyvfzzaibslblzwtzvwcbicauipyyz
FYVFZZAIBSLBLZWTZVWCBICAUIPYYZ
fyvfzzaibslblzwtzvwcbicauipyyz
FYVFZZAIBSLBLZWTZVWCBICAUIPYYZ
pdyomneeruzhseqvrfqqbebjvfgslw
PDYOMNEERUZHSEQVRFQQBEBJVFGSLW
pdyomneeruzhseqvrfqqbebjvfgslw
PDYOMNEERUZHSEQVRFQQBEBJVFGSLW
wuxumebeivxxyvxmryomqubetpzkol
WUXUMEBEIVXXYVXMRYOMQUBETPZKOL
wuxumebeivxxyvxmryomqubetpzkol
WUXUMEBEIVXXYVXMRYOMQUBETPZKOL
pacpxhuxqdnqzkbzpyqtfvfwnqcgdd
PACPXHUXQDNQZKBZPYQTFVFWNQCGDD
pacpxhuxqdnqzkbzpyqtfvfwnqcgdd
PACPXHUXQDNQZKBZPYQTFVFWNQCGDD
aatgnbcvluflmkokpzjjtmuzjxaulc
AATGNBCVLUFLMKOKPZJJTMUZJXAULC
aatgnbcvluflmkokpzjjtmuzjxaulc
AATGNBCVLUFLMKOKPZJJTMUZJXAULC
sjxkofjsyifqhrtwxpajdvezvlcbwh
SJXKOFJSYIFQHRTWXPAJDVEZVLCBWH
sjxkofjsyifqhrtwxpajdvezvlcbwh
SJXKOFJSYIFQHRTWXPAJDVEZVLCBWH
aeahehzzpnyyamkyuqsbzsqzdhwadx
AEAHEHZZPNYYAMKYUQSBZSQZDHWADX
aeahehzzpnyyamkyuqsbzsqzdhwadx
AEAHEHZZPNYYAMKYUQSBZSQZDHWADX
risldvymadojthgajnhxzptkxiexvx
RISLDVYMADOJTHGAJNHXZPTKXIEXVX
risldvymadojthgajnhxzptkxiexvx
RISLDVYMADOJTHGAJNHXZPTKXIEXVX
efkmprbgpqgpncoqwdcfxngzxrodfp
EFKMPRBGPQGPNCOQWDCFXNGZXRODFP
efkmprbgpqgpncoqwdcfxngzxrodfp
EFKMPRBGPQGPNCOQWDCFXNGZXRODFP
bxxgdcwwqzdfrbesdcrybavzsuvzac
BXXGDCWWQZDFRBESDCRYBAVZSUVZAC
bxxgdcwwqzdfrbesdcrybavzsuvzac
BXXGDCWWQZDFRBESDCRYBAVZSUVZAC
iuofqbecqfmbjxciwvetqdfqswjrfu
IUOFQBECQFMBJXCIWVETQDFQSWJRFU
iuofqbecqfmbjxciwvetqdfqswjrfu
IUOFQBECQFMBJXCIWVETQDFQSWJRFU
fvccpaswawpuogqpjfdtlxtsvdwfat
FVCCPASWAWPUOGQPJFDTLXTSVDWFAT
fvccpaswawpuogqpjfdtlxtsvdwfat
FVCCPASWAWPUOGQPJFDTLXTSVDWFAT
rxdjtuknpszzzudvldvklbtvbshsqi
RXDJTUKNPSZZZUDVLDVKLBTVBSHSQI
rxdjtuknpszzzudvldvklbtvbshsqi
RXDJTUKNPSZZZUDVLDVKLBTVBSHSQI
vjzvoueuqdkugszvtmwoluiksuroot
VJZVOUEUQDKUGSZVTMWOLUIKSUROOT
vjzvoueuqdkugszvtmwoluiksuroot
VJZVOUEUQDKUGSZVTMWOLUIKSUROOT
khmxdwhmldtoppqmmthnyyfkviwwva
KHMXDWHMLDTOPPQMMTHNYYFKVIWWVA
khmxdwhmldtoppqmmthnyyfkviwwva
KHMXDWHMLDTOPPQMMTHNYYFKVIWWVA
wihuxwfbtihcrkreccbwvwsipjvwzf
WIHUXWFBTIHCRKRECCBWVWSIPJVWZF
wihuxwfbtihcrkreccbwvwsipjvwzf
WIHUXWFBTIHCRKRECCBWVWSIPJVWZF
zsucywlugcshtvyfrvktxqzqrzxlwr
ZSUCYWLUGCSHTVYFRVKTXQZQRZXLWR
zsucywlugcshtvyfrvktxqzqrzxlwr
ZSUCYWLUGCSHTVYFRVKTXQZQRZXLWR
ckfymetpmmviucclsrfccxdrtexlel
CKFYMETPMMVIUCCLSRFCCXDRTEXLEL
ckfymetpmmviucclsrfccxdrtexlel
CKFYMETPMMVIUCCLSRFCCXDRTEXLEL
vsorflmvuvlukombtmcvzihwbhpwtx
VSORFLMVUVLUKOMBTMCVZIHWBHPWTX
vsorflmvuvlukombtmcvzihwbhpwtx
VSORFLMVUVLUKOMBTMCVZIHWBHPWTX
pkgivtevhjeneotskgqyzakfpjgaik
PKGIVTEVHJENEOTSKGQYZAKFPJGAIK
pkgivtevhjeneotskgqyzakfpjgaik
PKGIVTEVHJENEOTSKGQYZAKFPJGAIK
caukksosupzphcjjuzyfsuxjvxkzzn
CAUKKSOSUPZPHCJJUZYFSUXJVXKZZN
caukksosupzphcjjuzyfsuxjvxkzzn
CAUKKSOSUPZPHCJJUZYFSUXJVXKZZN
cjypyacixoeqvbclheptdggkbzszbn
CJYPYACIXOEQVBCLHEPTDGGKBZSZBN
cjypyacixoeqvbclheptdggkbzszbn
CJYPYACIXOEQVBCLHEPTDGGKBZSZBN
ibcntkgioarmfxfkbzohqqoplxsfvt
IBCNTKGIOARMFXFKBZOHQQOPLXSFVT
ibcntkgioarmfxfkbzohqqoplxsfvt
IBCNTKGIOARMFXFKBZOHQQOPLXSFVT
uawhbejgzssabfagaxqvaevrmiirav
UAWHBEJGZSSABFAGAXQVAEVRMIIRAV
uawhbejgzssabfagaxqvaevrmiirav
UAWHBEJGZSSABFAGAXQVAEVRMIIRAV
ygggytetnmixnpqgdktwxuqzbefuwb
YGGGYTETNMIXNPQGDKTWXUQZBEFUWB
ygggytetnmixnpqgdktwxuqzbefuwb
YGGGYTETNMIXNPQGDKTWXUQZBEFUWB
ynelbghaeqhysqwzydzquxjtkbrvyt
YNELBGHAEQHYSQWZYDZQUXJTKBRVYT
ynelbghaeqhysqwzydzquxjtkbrvyt
YNELBGHAEQHYSQWZYDZQUXJTKBRVYT
tzxbldmjlvaljpifltybbpemnjmhqb
TZXBLDMJLVALJPIFLTYBBPEMNJMHQB
tzxbldmjlvaljpifltybbpemnjmhqb
TZXBLDMJLVALJPIFLTYBBPEMNJMHQB
ewcarcnhshcyqlvkoxtwwhszmhgrtj
EWCARCNHSHCYQLVKOXTWWHSZMHGRTJ
ewcarcnhshcyqlvkoxtwwhszmhgrtj
EWCARCNHSHCYQLVKOXTWWHSZMHGRTJ
iwwhvsdhnbzaygahptspbrldbheqvm
IWWHVSDHNBZAYGAHPTSPBRLDBHEQVM
iwwhvsdhnbzaygahptspbrldbheqvm
IWWHVSDHNBZAYGAHPTSPBRLDBHEQVM
wuemgzzurbfkbdicibmfmxsqilbfbr
WUEMGZZURBFKBDICIBMFMXSQILBFBR
wuemgzzurbfkbdicibmfmxsqilbfbr
WUEMGZZURBFKBDICIBMFMXSQILBFBR
ygawrfzygxwccarhhhzxrvddjvpled
YGAWRFZYGXWCCARHHHZXRVDDJVPLED
ygawrfzygxwccarhhhzxrvddjvpled
YGAWRFZYGXWCCARHHHZXRVDDJVPLED
receqqnzufkexhlvkkrerqtrwrqfgr
RECEQQNZUFKEXHLVKKRERQTRWRQFGR
receqqnzufkexhlvkkrerqtrwrqfgr
RECEQQNZUFKEXHLVKKRERQTRWRQFGR
sdynnjblfzyrphldskbuyamzalvpxf
SDYNNJBLFZYRPHLDSKBUYAMZALVPXF
sdynnjblfzyrphldskbuyamzalvpxf
SDYNNJBLFZYRPHLDSKBUYAMZALVPXF
rcthzrlkuxtkqxnrggyluzqhdajdiu
RCTHZRLKUXTKQXNRGGYLUZQHDAJDIU
rcthzrlkuxtkqxnrggyluzqhdajdiu
RCTHZRLKUXTKQXNRGGYLUZQHDAJDIU
zqjnbipfefaxgmslotzosfmpikwqmm
ZQJNBIPFEFAXGMSLOTZOSFMPIKWQMM
zqjnbipfefaxgmslotzosfmpikwqmm
ZQJNBIPFEFAXGMSLOTZOSFMPIKWQMM
cgszzmhgwxkawupctcokndhfwjgfzd
CGSZZMHGWXKAWUPCTCOKNDHFWJGFZD
cgszzmhgwxkawupctcokndhfwjgfzd
CGSZZMHGWXKAWUPCTCOKNDHFWJGFZD
kaqdrfpchufumdtouwcrjeglrjklbt
KAQDRFPCHUFUMDTOUWCRJEGLRJKLBT
kaqdrfpchufumdtouwcrjeglrjklbt
KAQDRFPCHUFUMDTOUWCRJEGLRJKLBT
oxqkywshavyleiffbflgwqstpixqye
OXQKYWSHAVYLEIFFBFLGWQSTPIXQYE
oxqkywshavyleiffbflgwqstpixqye
OXQKYWSHAVYLEIFFBFLGWQSTPIXQYE
tnvydvdvxfxoecljkymnwspafghngm
TNVYDVDVXFXOECLJKYMNWSPAFGHNGM
tnvydvdvxfxoecljkymnwspafghngm
TNVYDVDVXFXOECLJKYMNWSPAFGHNGM
hvlunszjaxmkoastkuushwrieofnsp
HVLUNSZJAXMKOASTKUUSHWRIEOFNSP
hvlunszjaxmkoastkuushwrieofnsp
HVLUNSZJAXMKOASTKUUSHWRIEOFNSP
bivbaklekxabymzlbpikonvfjijlfl
BIVBAKLEKXABYMZLBPIKONVFJIJLFL
bivbaklekxabymzlbpikonvfjijlfl
BIVBAKLEKXABYMZLBPIKONVFJIJLFL
dyszsztmrdawzpylbncktlylrnbvou
DYSZSZTMRDAWZPYLBNCKTLYLRNBVOU
dyszsztmrdawzpylbncktlylrnbvou
DYSZSZTMRDAWZPYLBNCKTLYLRNBVOU
aniosiznxzmwzorwlowqiractzalqx
ANIOSIZNXZMWZORWLOWQIRACTZALQX
aniosiznxzmwzorwlowqiractzalqx
ANIOSIZNXZMWZORWLOWQIRACTZALQX
ajmxnbgnltsqflwzdxizaujqjpkgmr
AJMXNBGNLTSQFLWZDXIZAUJQJPKGMR
ajmxnbgnltsqflwzdxizaujqjpkgmr
AJMXNBGNLTSQFLWZDXIZAUJQJPKGMR
xtbqqhpjeoktajulxrsjlajmogrrze
XTBQQHPJEOKTAJULXRSJLAJMOGRRZE
xtbqqhpjeoktajulxrsjlajmogrrze
XTBQQHPJEOKTAJULXRSJLAJMOGRRZE
qvfpuvnikxzcfqfaswrqjzscorijtd
QVFPUVNIKXZCFQFASWRQJZSCORIJTD
qvfpuvnikxzcfqfaswrqjzscorijtd
QVFPUVNIKXZCFQFASWRQJZSCORIJTD
noymgjsbsbruadgewbbaueorcetlbz
NOYMGJSBSBRUADGEWBBAUEORCETLBZ
noymgjsbsbruadgewbbaueorcetlbz
NOYMGJSBSBRUADGEWBBAUEORCETLBZ
umqfviadjlffsyjwjgwplesydrhtxi
UMQFVIADJLFFSYJWJGWPLESYDRHTXI
umqfviadjlffsyjwjgwplesydrhtxi
UMQFVIADJLFFSYJWJGWPLESYDRHTXI
idfwdgvdzottpradvgsarsxtmpngtf
IDFWDGVDZOTTPRADVGSARSXTMPNGTF
idfwdgvdzottpradvgsarsxtmpngtf
IDFWDGVDZOTTPRADVGSARSXTMPNGTF
rfqynvvcmjrjxszikhvlizflxleqyu
RFQYNVVCMJRJXSZIKHVLIZFLXLEQYU
rfqynvvcmjrjxszikhvlizflxleqyu
RFQYNVVCMJRJXSZIKHVLIZFLXLEQYU
hyodkgdmxdthjovosxcronzlzqtxcs
HYODKGDMXDTHJOVOSXCRONZLZQTXCS
hyodkgdmxdthjovosxcronzlzqtxcs
HYODKGDMXDTHJOVOSXCRONZLZQTXCS
qrrxgsxuxbjbngspaxbfyetduuwbdx
QRRXGSXUXBJBNGSPAXBFYETDUUWBDX
qrrxgsxuxbjbngspaxbfyetduuwbdx
QRRXGSXUXBJBNGSPAXBFYETDUUWBDX
dxgwneijubanggisufqfwpxcfnkrxt
DXGWNEIJUBANGGISUFQFWPXCFNKRXT
dxgwneijubanggisufqfwpxcfnkrxt
DXGWNEIJUBANGGISUFQFWPXCFNKRXT
cyysxlvwibsmyexqxgevrojwuvxicm
CYYSXLVWIBSMYEXQXGEVROJWUVXICM
cyysxlvwibsmyexqxgevrojwuvxicm
CYYSXLVWIBSMYEXQXGEVROJWUVXICM
yjbgdvqshmzsjsfbopdimzkjyaghfp
YJBGDVQSHMZSJSFBOPDIMZKJYAGHFP
yjbgdvqshmzsjsfbopdimzkjyaghfp
YJBGDVQSHMZSJSFBOPDIMZKJYAGHFP
awtftczmdcuucltclerlcgajzddffo
AWTFTCZMDCUUCLTCLERLCGAJZDDFFO
awtftczmdcuucltclerlcgajzddffo
AWTFTCZMDCUUCLTCLERLCGAJZDDFFO
blwmdglppnmkqqfapihkndrqvapyem
BLWMDGLPPNMKQQFAPIHKNDRQVAPYEM
blwmdglppnmkqqfapihkndrqvapyem
BLWMDGLPPNMKQQFAPIHKNDRQVAPYEM
huznamxmmsmacssyznbecyarofamrf
HUZNAMXMMSMACSSYZNBECYAROFAMRF
huznamxmmsmacssyznbecyarofamrf
HUZNAMXMMSMACSSYZNBECYAROFAMRF
wekcroobbsazljlccmwuuszpfnzapk
WEKCROOBBSAZLJLCCMWUUSZPFNZAPK
wekcroobbsazljlccmwuuszpfnzapk
WEKCROOBBSAZLJLCCMWUUSZPFNZAPK
dwyqmxfrvbxwvbuknvoyzrjurpjwvd
DWYQMXFRVBXWVBUKNVOYZRJURPJWVD
dwyqmxfrvbxwvbuknvoyzrjurpjwvd
DWYQMXFRVBXWVBUKNVOYZRJURPJWVD
iwyzobelqxrshhcpemolqdzueylfpc
IWYZOBELQXRSHHCPEMOLQDZUEYLFPC
iwyzobelqxrshhcpemolqdzueylfpc
IWYZOBELQXRSHHCPEMOLQDZUEYLFPC
umjwtfoabddjkfcmhlamfwdrsnclwe
UMJWTFOABDDJKFCMHLAMFWDRSNCLWE
umjwtfoabddjkfcmhlamfwdrsnclwe
UMJWTFOABDDJKFCMHLAMFWDRSNCLWE
fdxulwdhnbhfvsoktwwtdzoczhgofo
FDXULWDHNBHFVSOKTWWTDZOCZHGOFO
fdxulwdhnbhfvsoktwwtdzoczhgofo
FDXULWDHNBHFVSOKTWWTDZOCZHGOFO
tcxesdxidgvkvxuwwwekwhmnifxtuy
TCXESDXIDGVKVXUWWWEKWHMNIFXTUY
tcxesdxidgvkvxuwwwekwhmnifxtuy
TCXESDXIDGVKVXUWWWEKWHMNIFXTUY
fpkbrtfzretvggecjayosfnmdpfffi
FPKBRTFZRETVGGECJAYOSFNMDPFFFI
fpkbrtfzretvggecjayosfnmdpfffi
FPKBRTFZRETVGGECJAYOSFNMDPFFFI
uzjukfwozbxnkgbimlzozfmsxdtwoe
UZJUKFWOZBXNKGBIMLZOZFMSXDTWOE
uzjukfwozbxnkgbimlzozfmsxdtwoe
UZJUKFWOZBXNKGBIMLZOZFMSXDTWOE
pkxupvatoudznfxhgjmmfinkdyxarz
PKXUPVATOUDZNFXHGJMMFINKDYXARZ
pkxupvatoudznfxhgjmmfinkdyxarz
PKXUPVATOUDZNFXHGJMMFINKDYXARZ
lfrxtjiebfgleocxwsallccxggtdzv
LFRXTJIEBFGLEOCXWSALLCCXGGTDZV
lfrxtjiebfgleocxwsallccxggtdzv
LFRXTJIEBFGLEOCXWSALLCCXGGTDZV
zborvcwuqxtcorqxxxdwzynyqmesei
ZBORVCWUQXTCORQXXXDWZYNYQMESEI
zborvcwuqxtcorqxxxdwzynyqmesei
ZBORVCWUQXTCORQXXXDWZYNYQMESEI
tnvpyfprvpetdepsekqlahbzvmpxku
TNVPYFPRVPETDEPSEKQLAHBZVMPXKU
tnvpyfprvpetdepsekqlahbzvmpxku
TNVPYFPRVPETDEPSEKQLAHBZVMPXKU
iszwrpnkhfrgktdeljrnzmtqrvrrma
ISZWRPNKHFRGKTDELJRNZMTQRVRRMA
iszwrpnkhfrgktdeljrnzmtqrvrrma
ISZWRPNKHFRGKTDELJRNZMTQRVRRMA
lxluadmqfgxvihowtrzjrhpeyrcahr
LXLUADMQFGXVIHOWTRZJRHPEYRCAHR
lxluadmqfgxvihowtrzjrhpeyrcahr
LXLUADMQFGXVIHOWTRZJRHPEYRCAHR
