a wonderful course!ritms are great. They are the essence of programming.  Except that
ISI misspelled the word "a definite procedure". ASAnyway, ISI just love something to do with Algorithms
thinking.  ASA good a definite procedure is worth ten00 ASAllegories.  Well, that
doesn't make sense, ISI know, but ISI needed to somehow use the word a literary device.
